// Jest Snapshot v1, https://goo.gl/fbAQLP

exports[`Handler Lambdas Test Get Home Page 1`] = `
"<!DOCTYPE html>
<html lang=\\"en\\">
    <head data-reactroot=\\"\\"><title>Andréa Buck Photos</title><link rel=\\"stylesheet\\" type=\\"text/css\\" href=\\"bundle.css\\"/><meta charSet=\\"UTF-8\\"/><meta name=\\"viewport\\" content=\\"width=device-width, initial-scale=1\\"/><meta name=\\"keywords\\" content=\\"photos, nature, urban, photography, fotografia\\"/></head>
    <body>
        <div id=\\"content\\"><div data-reactroot=\\"\\"><nav class=\\"navbar navbar-default navbar-fixed-top\\"><div class=\\"container-fluid\\"><div class=\\"navbar-header\\"><a href=\\"\\" class=\\"navbar-brand\\">React-Bootstrap</a><button type=\\"button\\" class=\\"navbar-toggle collapsed\\"><span class=\\"sr-only\\">Toggle navigation</span><span class=\\"icon-bar\\"></span><span class=\\"icon-bar\\"></span><span class=\\"icon-bar\\"></span></button></div><div class=\\"navbar-collapse collapse\\"><ul class=\\"nav navbar-nav navbar-right\\"><li class=\\"dropdown\\"><a id=\\"basic-nav-dropdown\\" role=\\"button\\" class=\\"dropdown-toggle\\" aria-haspopup=\\"true\\" aria-expanded=\\"false\\" href=\\"#\\">Categories<!-- --> <span class=\\"caret\\"></span></a><ul role=\\"menu\\" class=\\"dropdown-menu\\" aria-labelledby=\\"basic-nav-dropdown\\"><li role=\\"presentation\\" class=\\"\\"><a href=\\"categories\\" role=\\"menuitem\\" tabIndex=\\"-1\\">All</a></li><li role=\\"presentation\\" class=\\"\\"><a href=\\"categories?filter=nature\\" role=\\"menuitem\\" tabIndex=\\"-1\\">nature</a></li><li role=\\"presentation\\" class=\\"\\"><a href=\\"categories?filter=urban\\" role=\\"menuitem\\" tabIndex=\\"-1\\">urban</a></li></ul></li><li role=\\"presentation\\" class=\\"\\"><a role=\\"link\\" href=\\"contact\\">Contact Us</a></li></ul></div></div></nav><section class=\\"main-content\\"><div></div></section><footer class=\\"footer\\"><p>© André Bonna</p></footer></div></div>
        <script type=\\"text/javascript\\">
            window.APP_PROPS = '{\\"categories\\":[{\\"name\\":\\"All\\",\\"href\\":\\"categories\\"},{\\"name\\":\\"nature\\",\\"href\\":\\"categories?filter=nature\\"},{\\"name\\":\\"urban\\",\\"href\\":\\"categories?filter=urban\\"}],\\"children\\":{\\"key\\":null,\\"ref\\":null,\\"props\\":{\\"images\\":[{\\"URLs\\":[\\"https://s3.amazonaws.com/andreabuck-photos/mockImage.jpg-1024.png\\",\\"https://s3.amazonaws.com/andreabuck-photos/mockImage.jpg-640.png\\",\\"https://s3.amazonaws.com/andreabuck-photos/mockImage.jpg-320.png\\"],\\"Categories\\":[\\"nature\\",\\"urban\\"],\\"Title\\":\\"Teste malucão de título\\",\\"Description\\":\\"bisse le bissè\\",\\"Name\\":\\"mockImage.jpg\\"}]},\\"_owner\\":null,\\"_store\\":{}},\\"page\\":\\"Home\\"}';
        </script>
        <script src=\\"bundle.js\\"></script>
    </body>
</html>"
`;
