exports[`NavHeader render successfully 1`] = `
ShallowWrapper {
  "complexSelector": ComplexSelector {
    "buildPredicate": [Function],
    "childrenOfNode": [Function],
    "findWhereUnwrapped": [Function],
  },
  "length": 1,
  "node": <nav
    className="navbar navbar-default navbar-fixed-top">
    <div
        className="container-fluid">
        <div
            className="navbar-header">
            <div
                className="navbar-toggle borderless collapsed">
                <DropdownButton
                    bsStyle="default"
                    className="glyphicon glyphicon-menu-hamburger"
                    id="hamburguer-menu"
                    noCaret={true}
                    pullRight={true}
                    title="">
                    <MenuItem
                        bsClass="dropdown"
                        disabled={false}
                        divider={false}
                        header={true}>
                        Categories
                    </MenuItem>
                    <MenuItem
                        bsClass="dropdown"
                        disabled={false}
                        divider={false}
                        eventKey={0}
                        header={false}
                        onClick={[Function]}>
                        nameMock
                    </MenuItem>
                    <MenuItem
                        bsClass="dropdown"
                        disabled={false}
                        divider={true}
                        header={false} />
                    <MenuItem
                        bsClass="dropdown"
                        disabled={false}
                        divider={false}
                        eventKey="4"
                        header={false}
                        onClick={[Function]}>
                        Contact Us
                    </MenuItem>
                </DropdownButton>
            </div>
            <a
                className="navbar-brand"
                href="home">
                Universal React
            </a>
        </div>
        <div
            className="navbar-collapse collapse">
            <ul
                className="nav navbar-nav navbar-right">
                <li>
                    <DropdownButton
                        className="categories-dropdown"
                        id="categories"
                        noCaret={true}
                        title="Categories">
                        <MenuItem
                            bsClass="dropdown"
                            disabled={false}
                            divider={false}
                            eventKey={0}
                            header={false}
                            onClick={[Function]}>
                            nameMock
                        </MenuItem>
                    </DropdownButton>
                </li>
                <li>
                    <a
                        href="contact">
                        Contact Us
                    </a>
                </li>
            </ul>
        </div>
    </div>
</nav>,
  "nodes": Array [
    <nav
      className="navbar navbar-default navbar-fixed-top">
      <div
            className="container-fluid">
            <div
                  className="navbar-header">
                  <div
                        className="navbar-toggle borderless collapsed">
                        <DropdownButton
                              bsStyle="default"
                              className="glyphicon glyphicon-menu-hamburger"
                              id="hamburguer-menu"
                              noCaret={true}
                              pullRight={true}
                              title="">
                              <MenuItem
                                    bsClass="dropdown"
                                    disabled={false}
                                    divider={false}
                                    header={true}>
                                    Categories
                              </MenuItem>
                              <MenuItem
                                    bsClass="dropdown"
                                    disabled={false}
                                    divider={false}
                                    eventKey={0}
                                    header={false}
                                    onClick={[Function]}>
                                    nameMock
                              </MenuItem>
                              <MenuItem
                                    bsClass="dropdown"
                                    disabled={false}
                                    divider={true}
                                    header={false} />
                              <MenuItem
                                    bsClass="dropdown"
                                    disabled={false}
                                    divider={false}
                                    eventKey="4"
                                    header={false}
                                    onClick={[Function]}>
                                    Contact Us
                              </MenuItem>
                        </DropdownButton>
                  </div>
                  <a
                        className="navbar-brand"
                        href="home">
                        Universal React
                  </a>
            </div>
            <div
                  className="navbar-collapse collapse">
                  <ul
                        className="nav navbar-nav navbar-right">
                        <li>
                              <DropdownButton
                                    className="categories-dropdown"
                                    id="categories"
                                    noCaret={true}
                                    title="Categories">
                                    <MenuItem
                                          bsClass="dropdown"
                                          disabled={false}
                                          divider={false}
                                          eventKey={0}
                                          header={false}
                                          onClick={[Function]}>
                                          nameMock
                                    </MenuItem>
                              </DropdownButton>
                        </li>
                        <li>
                              <a
                                    href="contact">
                                    Contact Us
                              </a>
                        </li>
                  </ul>
            </div>
      </div>
</nav>,
  ],
  "options": Object {},
  "renderer": ReactShallowRenderer {
    "_instance": ShallowComponentWrapper {
      "_calledComponentWillUnmount": false,
      "_compositeType": 0,
      "_context": Object {},
      "_currentElement": <NavHeader
        categories={
                Array [
                        Object {
                          "href": "hrefMock",
                          "name": "nameMock",
                        },
                      ]
        } />,
      "_debugID": 1,
      "_hostContainerInfo": null,
      "_hostParent": null,
      "_instance": NavHeader {
        "_reactInternalInstance": [Circular],
        "context": Object {},
        "menuItemClickAction": [Function],
        "props": Object {
          "categories": Array [
            Object {
              "href": "hrefMock",
              "name": "nameMock",
            },
          ],
        },
        "refs": Object {},
        "state": null,
        "updater": Object {
          "enqueueCallback": [Function],
          "enqueueCallbackInternal": [Function],
          "enqueueElementInternal": [Function],
          "enqueueForceUpdate": [Function],
          "enqueueReplaceState": [Function],
          "enqueueSetState": [Function],
          "isMounted": [Function],
          "validateCallback": [Function],
        },
      },
      "_mountOrder": 1,
      "_pendingCallbacks": null,
      "_pendingElement": null,
      "_pendingForceUpdate": false,
      "_pendingReplaceState": false,
      "_pendingStateQueue": null,
      "_renderedComponent": NoopInternalComponent {
        "_currentElement": <nav
          className="navbar navbar-default navbar-fixed-top">
          <div
                    className="container-fluid">
                    <div
                              className="navbar-header">
                              <div
                                        className="navbar-toggle borderless collapsed">
                                        <DropdownButton
                                                  bsStyle="default"
                                                  className="glyphicon glyphicon-menu-hamburger"
                                                  id="hamburguer-menu"
                                                  noCaret={true}
                                                  pullRight={true}
                                                  title="">
                                                  <MenuItem
                                                            bsClass="dropdown"
                                                            disabled={false}
                                                            divider={false}
                                                            header={true}>
                                                            Categories
                                                  </MenuItem>
                                                  <MenuItem
                                                            bsClass="dropdown"
                                                            disabled={false}
                                                            divider={false}
                                                            eventKey={0}
                                                            header={false}
                                                            onClick={[Function]}>
                                                            nameMock
                                                  </MenuItem>
                                                  <MenuItem
                                                            bsClass="dropdown"
                                                            disabled={false}
                                                            divider={true}
                                                            header={false} />
                                                  <MenuItem
                                                            bsClass="dropdown"
                                                            disabled={false}
                                                            divider={false}
                                                            eventKey="4"
                                                            header={false}
                                                            onClick={[Function]}>
                                                            Contact Us
                                                  </MenuItem>
                                        </DropdownButton>
                              </div>
                              <a
                                        className="navbar-brand"
                                        href="home">
                                        Universal React
                              </a>
                    </div>
                    <div
                              className="navbar-collapse collapse">
                              <ul
                                        className="nav navbar-nav navbar-right">
                                        <li>
                                                  <DropdownButton
                                                            className="categories-dropdown"
                                                            id="categories"
                                                            noCaret={true}
                                                            title="Categories">
                                                            <MenuItem
                                                                      bsClass="dropdown"
                                                                      disabled={false}
                                                                      divider={false}
                                                                      eventKey={0}
                                                                      header={false}
                                                                      onClick={[Function]}>
                                                                      nameMock
                                                            </MenuItem>
                                                  </DropdownButton>
                                        </li>
                                        <li>
                                                  <a
                                                            href="contact">
                                                            Contact Us
                                                  </a>
                                        </li>
                              </ul>
                    </div>
          </div>
</nav>,
        "_debugID": 2,
        "_renderedOutput": <nav
          className="navbar navbar-default navbar-fixed-top">
          <div
                    className="container-fluid">
                    <div
                              className="navbar-header">
                              <div
                                        className="navbar-toggle borderless collapsed">
                                        <DropdownButton
                                                  bsStyle="default"
                                                  className="glyphicon glyphicon-menu-hamburger"
                                                  id="hamburguer-menu"
                                                  noCaret={true}
                                                  pullRight={true}
                                                  title="">
                                                  <MenuItem
                                                            bsClass="dropdown"
                                                            disabled={false}
                                                            divider={false}
                                                            header={true}>
                                                            Categories
                                                  </MenuItem>
                                                  <MenuItem
                                                            bsClass="dropdown"
                                                            disabled={false}
                                                            divider={false}
                                                            eventKey={0}
                                                            header={false}
                                                            onClick={[Function]}>
                                                            nameMock
                                                  </MenuItem>
                                                  <MenuItem
                                                            bsClass="dropdown"
                                                            disabled={false}
                                                            divider={true}
                                                            header={false} />
                                                  <MenuItem
                                                            bsClass="dropdown"
                                                            disabled={false}
                                                            divider={false}
                                                            eventKey="4"
                                                            header={false}
                                                            onClick={[Function]}>
                                                            Contact Us
                                                  </MenuItem>
                                        </DropdownButton>
                              </div>
                              <a
                                        className="navbar-brand"
                                        href="home">
                                        Universal React
                              </a>
                    </div>
                    <div
                              className="navbar-collapse collapse">
                              <ul
                                        className="nav navbar-nav navbar-right">
                                        <li>
                                                  <DropdownButton
                                                            className="categories-dropdown"
                                                            id="categories"
                                                            noCaret={true}
                                                            title="Categories">
                                                            <MenuItem
                                                                      bsClass="dropdown"
                                                                      disabled={false}
                                                                      divider={false}
                                                                      eventKey={0}
                                                                      header={false}
                                                                      onClick={[Function]}>
                                                                      nameMock
                                                            </MenuItem>
                                                  </DropdownButton>
                                        </li>
                                        <li>
                                                  <a
                                                            href="contact">
                                                            Contact Us
                                                  </a>
                                        </li>
                              </ul>
                    </div>
          </div>
</nav>,
      },
      "_renderedNodeType": 0,
      "_rootNodeID": 0,
      "_topLevelWrapper": null,
      "_updateBatchNumber": null,
      "_warnedAboutRefsInRender": false,
    },
    "getRenderOutput": [Function],
    "render": [Function],
  },
  "root": [Circular],
  "unrendered": <NavHeader
    categories={
        Array [
            Object {
              "href": "hrefMock",
              "name": "nameMock",
            },
          ]
    } />,
}
`;
