// Jest Snapshot v1, https://goo.gl/fbAQLP

exports[`Test template Builder templateBuilder with options 1`] = `
"<!DOCTYPE html>
<html lang=\\"en\\">
    <head data-reactroot=\\"\\"><title>titleMock</title><link rel=\\"stylesheet\\" type=\\"text/css\\" href=\\"bundle.css\\"/><meta charSet=\\"UTF-8\\"/><meta name=\\"viewport\\" content=\\"width=device-width, initial-scale=1\\"/><meta name=\\"metaMock\\" content=\\"metaContentMock\\"/></head>
    <body>
        <div id=\\"content\\"><div data-reactroot=\\"\\"><nav class=\\"navbar navbar-default navbar-fixed-top\\"><div class=\\"container-fluid\\"><div class=\\"navbar-header\\"><a href=\\"\\" class=\\"navbar-brand\\">React-Bootstrap</a><button type=\\"button\\" class=\\"navbar-toggle collapsed\\"><span class=\\"sr-only\\">Toggle navigation</span><span class=\\"icon-bar\\"></span><span class=\\"icon-bar\\"></span><span class=\\"icon-bar\\"></span></button></div><div class=\\"navbar-collapse collapse\\"><ul class=\\"nav navbar-nav navbar-right\\"><li class=\\"dropdown\\"><a id=\\"basic-nav-dropdown\\" role=\\"button\\" class=\\"dropdown-toggle\\" aria-haspopup=\\"true\\" aria-expanded=\\"false\\" href=\\"#\\">Categories<!-- --> <span class=\\"caret\\"></span></a><ul role=\\"menu\\" class=\\"dropdown-menu\\" aria-labelledby=\\"basic-nav-dropdown\\"><li role=\\"presentation\\" class=\\"\\"><a href=\\"categories\\" role=\\"menuitem\\" tabIndex=\\"-1\\">All</a></li><li role=\\"presentation\\" class=\\"\\"><a href=\\"categories?filter=urban\\" role=\\"menuitem\\" tabIndex=\\"-1\\">Urban</a></li><li role=\\"presentation\\" class=\\"\\"><a href=\\"categories?filter=nature\\" role=\\"menuitem\\" tabIndex=\\"-1\\">Nature</a></li></ul></li><li role=\\"presentation\\" class=\\"\\"><a role=\\"link\\" href=\\"contact\\">Contact Us</a></li></ul></div></div></nav><section class=\\"main-content\\"><div></div></section><footer class=\\"footer\\"><p>© André Bonna</p></footer></div></div>
        <script type=\\"text/javascript\\">
            window.APP_PROPS = '{\\"children\\":{\\"key\\":null,\\"ref\\":null,\\"props\\":{\\"images\\":[]},\\"_owner\\":null,\\"_store\\":{}},\\"categories\\":[{\\"name\\":\\"All\\",\\"href\\":\\"categories\\"},{\\"name\\":\\"Urban\\",\\"href\\":\\"categories?filter=urban\\"},{\\"name\\":\\"Nature\\",\\"href\\":\\"categories?filter=nature\\"}],\\"page\\":\\"Home\\"}';
        </script>
        <script src=\\"bundle.js\\"></script>
    </body>
</html>"
`;
