exports[`Handler Lambdas Test Get Categories Page 1`] = `
"<!DOCTYPE html>
<html lang=\"en\">
    <head data-reactroot=\"\" data-reactid=\"1\" data-react-checksum=\"-1251837647\"><title data-reactid=\"2\">Categories</title><link rel=\"stylesheet\" type=\"text/css\" href=\"bundle.css\" data-reactid=\"3\"/><meta name=\"viewport\" content=\"width=device-width, initial-scale=1\" data-reactid=\"4\"/><meta name=\"keywords\" content=\"photos, nature, urban, photography, fotografia\" data-reactid=\"5\"/></head>
    <body>
        <div id=\"content\"><div data-reactroot=\"\" data-reactid=\"1\" data-react-checksum=\"-1924174018\"><nav class=\"navbar navbar-inverse navbar-fixed-top\" data-reactid=\"2\"><div class=\"container-fluid\" data-reactid=\"3\"><div class=\"navbar-header\" data-reactid=\"4\"><a href=\"#\" class=\"navbar-brand\" data-reactid=\"5\">React-Bootstrap</a><button type=\"button\" class=\"navbar-toggle collapsed\" data-reactid=\"6\"><span class=\"sr-only\" data-reactid=\"7\">Toggle navigation</span><span class=\"icon-bar\" data-reactid=\"8\"></span><span class=\"icon-bar\" data-reactid=\"9\"></span><span class=\"icon-bar\" data-reactid=\"10\"></span></button></div><div class=\"navbar-collapse collapse\" data-reactid=\"11\"><ul class=\"nav navbar-nav navbar-right\" data-reactid=\"12\"><li class=\"dropdown\" data-reactid=\"13\"><a id=\"basic-nav-dropdown\" role=\"button\" class=\"dropdown-toggle\" aria-haspopup=\"true\" aria-expanded=\"false\" href=\"#\" data-reactid=\"14\"><!-- react-text: 15 -->Categories<!-- /react-text --><!-- react-text: 16 --> <!-- /react-text --><span class=\"caret\" data-reactid=\"17\"></span></a><ul role=\"menu\" class=\"dropdown-menu\" aria-labelledby=\"basic-nav-dropdown\" data-reactid=\"18\"><li role=\"presentation\" class=\"\" data-reactid=\"19\"><a href=\"categories\" role=\"menuitem\" tabindex=\"-1\" data-reactid=\"20\">All</a></li><li role=\"presentation\" class=\"\" data-reactid=\"21\"><a href=\"categories?filter=urban\" role=\"menuitem\" tabindex=\"-1\" data-reactid=\"22\">Urban</a></li><li role=\"presentation\" class=\"\" data-reactid=\"23\"><a href=\"categories?filter=nature\" role=\"menuitem\" tabindex=\"-1\" data-reactid=\"24\">Nature</a></li></ul></li><li role=\"presentation\" class=\"\" data-reactid=\"25\"><a href=\"contact\" data-reactid=\"26\">Contact Us</a></li></ul></div></div></nav><section class=\"main-content\" data-reactid=\"27\"><div data-reactid=\"28\">Categories</div></section><footer class=\"footer\" data-reactid=\"29\"><p data-reactid=\"30\">© André Bonna</p></footer></div></div>
        <script type=\"text/javascript\">
            window.APP_PROPS = \'{\"children\":{\"key\":null,\"ref\":null,\"props\":{},\"_owner\":null,\"_store\":{}},\"categories\":[{\"name\":\"All\",\"href\":\"categories\"},{\"name\":\"Urban\",\"href\":\"categories?filter=urban\"},{\"name\":\"Nature\",\"href\":\"categories?filter=nature\"}],\"page\":\"Categories\"}\';
        </script>
        <script src=\"bundle.js\"></script>
    </body>
</html>"
`;
